// Vitest Snapshot v1, https://vitest.dev/guide/snapshot.html

exports[`lists all regex scripts of a module 1`] = `
[
  {
    "text": "[{"comment":"0","in":"0In","out":"0Out","type":"editdisplay","flag":"","ableFlag":true},{"comment":"1","in":"1In","out":"1Out","type":"editdisplay","flag":"","ableFlag":true},{"comment":"2","in":"2In","out":"2Out","type":"editdisplay","flag":"","ableFlag":true},{"comment":"3","in":"3In","out":"3Out","type":"editdisplay","flag":"","ableFlag":true},{"comment":"4","in":"4In","out":"4Out","type":"editdisplay","flag":"","ableFlag":true},{"comment":"5","in":"5In","out":"5Out","type":"editdisplay","flag":"","ableFlag":true},{"comment":"6","in":"6In","out":"6Out","type":"editdisplay","flag":"","ableFlag":true},{"comment":"7","in":"7In","out":"7Out","type":"editdisplay","flag":"","ableFlag":true},{"comment":"8","in":"8In","out":"8Out","type":"editdisplay","flag":"","ableFlag":true},{"comment":"9","in":"9In","out":"9Out","type":"editdisplay","flag":"","ableFlag":true}]",
    "type": "text",
  },
]
`;

exports[`lists installed modules with pagination 1`] = `
[
  {
    "text": "[{"id":"0","name":"0","description":"0Description","enabled":true},{"id":"1","name":"1","description":"1Description","enabled":false},{"id":"2","name":"2","description":"2Description","enabled":true}]",
    "type": "text",
  },
]
`;

exports[`lists installed modules with pagination 2`] = `
[
  {
    "text": "[{"id":"3","name":"3","description":"3Description","enabled":false},{"id":"4","name":"4","description":"4Description","enabled":false},{"id":"5","name":"5","description":"5Description","enabled":false}]",
    "type": "text",
  },
]
`;

exports[`lists installed modules with pagination 3`] = `
[
  {
    "text": "[]",
    "type": "text",
  },
]
`;

exports[`lists lorebooks of a module with pagination 1`] = `
[
  {
    "text": "[{"alwaysActive":false,"keys":"0Key","name":"0"},{"alwaysActive":false,"keys":"1Key","name":"1"},{"alwaysActive":false,"keys":"2Key","name":"2"}]",
    "type": "text",
  },
]
`;

exports[`lists lorebooks of a module with pagination 2`] = `
[
  {
    "text": "[{"alwaysActive":false,"keys":"3Key","name":"3"},{"alwaysActive":false,"keys":"4Key","name":"4"},{"alwaysActive":false,"keys":"5Key","name":"5"}]",
    "type": "text",
  },
]
`;

exports[`lists lorebooks of a module with pagination 3`] = `
[
  {
    "text": "[]",
    "type": "text",
  },
]
`;

exports[`retrieves fields of a lorebook 1`] = `
[
  {
    "text": "[{"alwaysActive":false,"content":"0Content","keys":"0Key","name":"0"},{"alwaysActive":false,"content":"2Content","keys":"2Key","name":"2"}]",
    "type": "text",
  },
]
`;
